[2026-09-10 06:24:36Z INFO HostContext] No proxy settings were found based on environmental variables (http_proxy/https_proxy/HTTP_PROXY/HTTPS_PROXY)
[2026-09-10 06:24:36Z INFO HostContext] Well known directory 'Bin': 'C:\Users\Bhuwan\Desktop\New folder\actions-runner\bin'
[2026-09-10 06:24:36Z INFO HostContext] Well known directory 'Root': 'C:\Users\Bhuwan\Desktop\New folder\actions-runner'
[2026-09-10 06:24:36Z INFO HostContext] Well known config file 'Credentials': 'C:\Users\Bhuwan\Desktop\New folder\actions-runner\.credentials'
[2026-09-10 06:24:36Z INFO HostContext] Well known directory 'Bin': 'C:\Users\Bhuwan\Desktop\New folder\actions-runner\bin'
[2026-09-10 06:24:36Z INFO HostContext] Well known directory 'Root': 'C:\Users\Bhuwan\Desktop\New folder\actions-runner'
[2026-09-10 06:24:36Z INFO HostContext] Well known config file 'Runner': 'C:\Users\Bhuwan\Desktop\New folder\actions-runner\.runner'
[2026-09-10 06:24:36Z INFO Listener] Runner is built for Windows (X64) - win-x64.
[2026-09-10 06:24:36Z INFO Listener] RuntimeInformation: Microsoft Windows 10.0.19045.
[2026-09-10 06:24:36Z INFO Listener] Version: 2.337.0
[2026-09-10 06:24:36Z INFO Listener] Commit: 397b032cbf865e9c3ddfab89d533ec19325e1273
[2026-09-10 06:24:36Z INFO Listener] Culture: en-US
[2026-09-10 06:24:36Z INFO Listener] UI Culture: en-US
[2026-09-10 06:24:36Z INFO HostContext] Well known directory 'Bin': 'C:\Users\Bhuwan\Desktop\New folder\actions-runner\bin'
[2026-09-10 06:24:36Z INFO HostContext] Well known directory 'Root': 'C:\Users\Bhuwan\Desktop\New folder\actions-runner'
[2026-09-10 06:24:36Z INFO Listener] Validating directory permissions for: 'C:\Users\Bhuwan\Desktop\New folder\actions-runner'
[2026-09-10 06:24:36Z INFO CommandLineParser] Parse
[2026-09-10 06:24:36Z INFO CommandLineParser] Parsing 1 args
[2026-09-10 06:24:36Z INFO CommandLineParser] parsing argument
[2026-09-10 06:24:36Z INFO CommandLineParser] HasArgs: False
[2026-09-10 06:24:36Z INFO CommandLineParser] Adding Command: run
[2026-09-10 06:24:36Z INFO Listener] Arguments parsed
[2026-09-10 06:24:36Z INFO Runner] ExecuteCommand
[2026-09-10 06:24:36Z INFO ConfigurationStore] currentAssemblyLocation: C:\Users\Bhuwan\Desktop\New folder\actions-runner\bin\Runner.Listener.dll
[2026-09-10 06:24:36Z INFO HostContext] Well known directory 'Bin': 'C:\Users\Bhuwan\Desktop\New folder\actions-runner\bin'
[2026-09-10 06:24:36Z INFO ConfigurationStore] binPath: C:\Users\Bhuwan\Desktop\New folder\actions-runner\bin
[2026-09-10 06:24:36Z INFO HostContext] Well known directory 'Bin': 'C:\Users\Bhuwan\Desktop\New folder\actions-runner\bin'
[2026-09-10 06:24:36Z INFO HostContext] Well known directory 'Root': 'C:\Users\Bhuwan\Desktop\New folder\actions-runner'
[2026-09-10 06:24:36Z INFO ConfigurationStore] RootFolder: C:\Users\Bhuwan\Desktop\New folder\actions-runner
[2026-09-10 06:24:36Z INFO HostContext] Well known directory 'Bin': 'C:\Users\Bhuwan\Desktop\New folder\actions-runner\bin'
[2026-09-10 06:24:36Z INFO HostContext] Well known directory 'Root': 'C:\Users\Bhuwan\Desktop\New folder\actions-runner'
[2026-09-10 06:24:36Z INFO HostContext] Well known config file 'Runner': 'C:\Users\Bhuwan\Desktop\New folder\actions-runner\.runner'
[2026-09-10 06:24:36Z INFO ConfigurationStore] ConfigFilePath: C:\Users\Bhuwan\Desktop\New folder\actions-runner\.runner
[2026-09-10 06:24:36Z INFO HostContext] Well known directory 'Bin': 'C:\Users\Bhuwan\Desktop\New folder\actions-runner\bin'
[2026-09-10 06:24:36Z INFO HostContext] Well known directory 'Root': 'C:\Users\Bhuwan\Desktop\New folder\actions-runner'
[2026-09-10 06:24:36Z INFO HostContext] Well known config file 'MigratedRunner': 'C:\Users\Bhuwan\Desktop\New folder\actions-runner\.runner_migrated'
[2026-09-10 06:24:36Z INFO ConfigurationStore] MigratedConfigFilePath: C:\Users\Bhuwan\Desktop\New folder\actions-runner\.runner_migrated
[2026-09-10 06:24:36Z INFO HostContext] Well known directory 'Bin': 'C:\Users\Bhuwan\Desktop\New folder\actions-runner\bin'
[2026-09-10 06:24:36Z INFO HostContext] Well known directory 'Root': 'C:\Users\Bhuwan\Desktop\New folder\actions-runner'
[2026-09-10 06:24:36Z INFO HostContext] Well known config file 'Credentials': 'C:\Users\Bhuwan\Desktop\New folder\actions-runner\.credentials'
[2026-09-10 06:24:36Z INFO ConfigurationStore] CredFilePath: C:\Users\Bhuwan\Desktop\New folder\actions-runner\.credentials
[2026-09-10 06:24:36Z INFO HostContext] Well known directory 'Bin': 'C:\Users\Bhuwan\Desktop\New folder\actions-runner\bin'
[2026-09-10 06:24:36Z INFO HostContext] Well known directory 'Root': 'C:\Users\Bhuwan\Desktop\New folder\actions-runner'
[2026-09-10 06:24:36Z INFO HostContext] Well known config file 'MigratedCredentials': 'C:\Users\Bhuwan\Desktop\New folder\actions-runner\.credentials_migrated'
[2026-09-10 06:24:36Z INFO ConfigurationStore] MigratedCredFilePath: C:\Users\Bhuwan\Desktop\New folder\actions-runner\.credentials_migrated
[2026-09-10 06:24:36Z INFO HostContext] Well known directory 'Bin': 'C:\Users\Bhuwan\Desktop\New folder\actions-runner\bin'
[2026-09-10 06:24:36Z INFO HostContext] Well known directory 'Root': 'C:\Users\Bhuwan\Desktop\New folder\actions-runner'
[2026-09-10 06:24:36Z INFO HostContext] Well known config file 'Service': 'C:\Users\Bhuwan\Desktop\New folder\actions-runner\.service'
[2026-09-10 06:24:36Z INFO ConfigurationStore] ServiceConfigFilePath: C:\Users\Bhuwan\Desktop\New folder\actions-runner\.service
[2026-09-10 06:24:36Z INFO CommandSettings] Flag 'help': 'False'
[2026-09-10 06:24:36Z INFO CommandSettings] Flag 'version': 'False'
[2026-09-10 06:24:36Z INFO CommandSettings] Flag 'commit': 'False'
[2026-09-10 06:24:36Z INFO CommandSettings] Flag 'check': 'False'
[2026-09-10 06:24:36Z INFO CommandSettings] Command 'configure': 'False'
[2026-09-10 06:24:36Z INFO CommandSettings] Command 'remove': 'False'
[2026-09-10 06:24:36Z INFO CommandSettings] Command 'warmup': 'False'
[2026-09-10 06:24:36Z INFO ConfigurationManager] LoadSettings
[2026-09-10 06:24:36Z INFO ConfigurationStore] IsConfigured()
[2026-09-10 06:24:36Z INFO ConfigurationStore] IsConfigured: True
[2026-09-10 06:24:36Z INFO ConfigurationManager] Is configured: True
[2026-09-10 06:24:36Z INFO ConfigurationStore] Read setting file: 406 chars
[2026-09-10 06:24:36Z INFO ConfigurationManager] Settings Loaded
[2026-09-10 06:24:36Z INFO ConfigurationStore] IsServiceConfigured()
[2026-09-10 06:24:36Z INFO ConfigurationStore] IsServiceConfigured: False
[2026-09-10 06:24:36Z INFO CommandSettings] Command 'run': 'True'
[2026-09-10 06:24:36Z INFO ConfigurationStore] IsConfigured()
[2026-09-10 06:24:36Z INFO ConfigurationStore] IsConfigured: True
[2026-09-10 06:24:36Z INFO ConfigurationManager] Is configured: True
[2026-09-10 06:24:36Z INFO Runner] Could not parse the argument value '' for StartupType. Defaulting to Manual
[2026-09-10 06:24:36Z INFO Runner] Set runner startup type - Manual
[2026-09-10 06:24:36Z INFO CommandSettings] Flag 'once': 'False'
[2026-09-10 06:24:36Z INFO CommandSettings] Flag 'once': 'False'
[2026-09-10 06:24:36Z INFO Runner] RunAsync
[2026-09-10 06:24:36Z INFO HostContext] Well known directory 'Bin': 'C:\Users\Bhuwan\Desktop\New folder\actions-runner\bin'
[2026-09-10 06:24:36Z INFO HostContext] Well known directory 'Root': 'C:\Users\Bhuwan\Desktop\New folder\actions-runner'
[2026-09-10 06:24:36Z INFO HostContext] Well known directory 'Work': 'C:\Users\Bhuwan\Desktop\New folder\actions-runner\_work'
[2026-09-10 06:24:36Z INFO Runner] Validating directory permissions for: 'C:\Users\Bhuwan\Desktop\New folder\actions-runner\_work'
[2026-09-10 06:24:36Z INFO ConfigurationManager] LoadMigratedSettings
[2026-09-10 06:24:36Z INFO ConfigurationStore] IsMigratedConfigured()
[2026-09-10 06:24:36Z INFO ConfigurationStore] IsMigratedConfigured: False
[2026-09-10 06:24:36Z INFO Runner] Failed to load migrated settings: No migrated configuration found.
[2026-09-10 06:24:36Z INFO Runner] Falling back to original .runner settings
[2026-09-10 06:24:36Z INFO Runner] Using BrokerMessageListener
[2026-09-10 06:24:36Z INFO BrokerMessageListener] Using provided settings
[2026-09-10 06:24:36Z INFO BrokerMessageListener] {
  "AgentId": 2,
  "AgentName": "DESKTOP-056",
  "PoolId": 1,
  "PoolName": "Default",
  "ServerUrl": "https://pipelinesghubeus2.actions.githubusercontent.com/fgpwAyjT6x6hl5EQmnS8Sh0eHJbJVIsJGuHTP7IkIRVJtP51yA/",
  "GitHubUrl": "https://github.com/bhuwan1233/Github-action-project",
  "WorkFolder": "_work",
  "UseV2Flow": true,
  "ServerUrlV2": "https://broker.actions.githubusercontent.com/"
}
[2026-09-10 06:24:36Z INFO BrokerMessageListener] Loading Credentials
[2026-09-10 06:24:36Z INFO ConfigurationStore] HasCredentials()
[2026-09-10 06:24:36Z INFO ConfigurationStore] stored True
[2026-09-10 06:24:36Z INFO CredentialManager] GetCredentialProvider
[2026-09-10 06:24:36Z INFO CredentialManager] Creating type OAuth
[2026-09-10 06:24:36Z INFO CredentialManager] Creating credential type: OAuth
[2026-09-10 06:24:36Z INFO HostContext] Well known directory 'Bin': 'C:\Users\Bhuwan\Desktop\New folder\actions-runner\bin'
[2026-09-10 06:24:36Z INFO HostContext] Well known directory 'Root': 'C:\Users\Bhuwan\Desktop\New folder\actions-runner'
[2026-09-10 06:24:36Z INFO HostContext] Well known config file 'RSACredentials': 'C:\Users\Bhuwan\Desktop\New folder\actions-runner\.credentials_rsaparams'
[2026-09-10 06:24:36Z INFO RSAEncryptedFileKeyManager] Loading RSA key parameters from file C:\Users\Bhuwan\Desktop\New folder\actions-runner\.credentials_rsaparams
[2026-09-10 06:24:36Z INFO BrokerMessageListener] Attempt to create session.
[2026-09-10 06:24:36Z INFO BrokerMessageListener] Connecting to the Broker Server...
[2026-09-10 06:24:36Z INFO ConfigurationStore] HasCredentials()
[2026-09-10 06:24:36Z INFO ConfigurationStore] stored True
[2026-09-10 06:24:36Z INFO CredentialManager] GetCredentialProvider
[2026-09-10 06:24:36Z INFO CredentialManager] Creating type OAuth
[2026-09-10 06:24:36Z INFO CredentialManager] Creating credential type: OAuth
[2026-09-10 06:24:36Z INFO RSAEncryptedFileKeyManager] Loading RSA key parameters from file C:\Users\Bhuwan\Desktop\New folder\actions-runner\.credentials_rsaparams
[2026-09-10 06:24:36Z INFO BrokerMessageListener] VssConnection created
[2026-09-10 06:24:36Z INFO BrokerMessageListener] Connecting to the Runner server...
[2026-09-10 06:24:36Z INFO RunnerServer] EstablishVssConnection
[2026-09-10 06:24:36Z INFO RunnerServer] Establish connection with 100 seconds timeout.
[2026-09-10 06:24:36Z INFO GitHubActionsService] Starting operation Location.GetConnectionData
[2026-09-10 06:24:37Z INFO RunnerServer] EstablishVssConnection
[2026-09-10 06:24:37Z INFO RunnerServer] Establish connection with 60 seconds timeout.
[2026-09-10 06:24:37Z INFO GitHubActionsService] Starting operation Location.GetConnectionData
[2026-09-10 06:24:37Z INFO RunnerServer] EstablishVssConnection
[2026-09-10 06:24:37Z INFO RunnerServer] Establish connection with 60 seconds timeout.
[2026-09-10 06:24:37Z INFO GitHubActionsService] Starting operation Location.GetConnectionData
[2026-09-10 06:24:38Z INFO GitHubActionsService] Finished operation Location.GetConnectionData
[2026-09-10 06:24:38Z INFO GitHubActionsService] Finished operation Location.GetConnectionData
[2026-09-10 06:24:38Z INFO GitHubActionsService] Finished operation Location.GetConnectionData
[2026-09-10 06:24:38Z INFO BrokerMessageListener] VssConnection created
[2026-09-10 06:24:38Z INFO Terminal] WRITE LINE: 
[2026-09-10 06:24:38Z INFO Terminal] WRITE LINE: 
[2026-09-10 06:24:38Z INFO RSAEncryptedFileKeyManager] Loading RSA key parameters from file C:\Users\Bhuwan\Desktop\New folder\actions-runner\.credentials_rsaparams
[2026-09-10 06:24:38Z INFO RSAEncryptedFileKeyManager] Loading RSA key parameters from file C:\Users\Bhuwan\Desktop\New folder\actions-runner\.credentials_rsaparams
[2026-09-10 06:24:39Z INFO GitHubActionsService] AAD Correlation ID for this token request: Unknown
[2026-09-10 06:24:41Z INFO BrokerMessageListener] Session created.
[2026-09-10 06:24:41Z INFO Terminal] WRITE LINE: Current runner version: '2.337.0'
[2026-09-10 06:24:41Z INFO Terminal] WRITE LINE: 2026-09-10 06:24:41Z: Listening for Jobs
[2026-09-10 06:24:41Z INFO JobDispatcher] Set runner/worker IPC timeout to 30 seconds.
[2026-09-10 06:24:41Z INFO BrokerMessageListener] Acknowledging runner request '1e2a0daf-c6d2-5c77-9df9-3e0156463677'.
[2026-09-10 06:24:41Z INFO ConfigurationStore] HasCredentials()
[2026-09-10 06:24:41Z INFO ConfigurationStore] stored True
[2026-09-10 06:24:41Z INFO CredentialManager] GetCredentialProvider
[2026-09-10 06:24:41Z INFO CredentialManager] Creating type OAuth
[2026-09-10 06:24:41Z INFO CredentialManager] Creating credential type: OAuth
[2026-09-10 06:24:41Z INFO RSAEncryptedFileKeyManager] Loading RSA key parameters from file C:\Users\Bhuwan\Desktop\New folder\actions-runner\.credentials_rsaparams
[2026-09-10 06:24:41Z INFO RSAEncryptedFileKeyManager] Loading RSA key parameters from file C:\Users\Bhuwan\Desktop\New folder\actions-runner\.credentials_rsaparams
[2026-09-10 06:24:41Z INFO RSAEncryptedFileKeyManager] Loading RSA key parameters from file C:\Users\Bhuwan\Desktop\New folder\actions-runner\.credentials_rsaparams
[2026-09-10 06:24:42Z INFO GitHubActionsService] AAD Correlation ID for this token request: Unknown
[2026-09-10 06:24:45Z INFO JobDispatcher] Job request 0 for plan 16515659-5e85-4f97-9d18-96e35b7cba62 job 1e2a0daf-c6d2-5c77-9df9-3e0156463677 received.
[2026-09-10 06:24:45Z INFO JobDispatcher] Pull OrchestrationId 16515659-5e85-4f97-9d18-96e35b7cba62.compile.__default from JWT claims
[2026-09-10 06:24:45Z INFO BrokerMessageListener] Received job status event. JobState: Busy
[2026-09-10 06:24:45Z INFO BrokerMessageListener] _getMessagesTokenSource is already disposed.
[2026-09-10 06:24:45Z INFO Terminal] WRITE LINE: 2026-09-10 06:24:45Z: Running job: compile
[2026-09-10 06:24:45Z INFO JobDispatcher] Start renew job request 0 for job 1e2a0daf-c6d2-5c77-9df9-3e0156463677.
[2026-09-10 06:24:46Z INFO JobDispatcher] Successfully renew job 1e2a0daf-c6d2-5c77-9df9-3e0156463677, job is valid till 9/10/2026 6:34:47 AM
[2026-09-10 06:24:46Z INFO HostContext] Well known directory 'Bin': 'C:\Users\Bhuwan\Desktop\New folder\actions-runner\bin'
[2026-09-10 06:24:46Z INFO ProcessInvokerWrapper] Starting process:
[2026-09-10 06:24:46Z INFO ProcessInvokerWrapper]   File name: 'C:\Users\Bhuwan\Desktop\New folder\actions-runner\bin\Runner.Worker.exe'
[2026-09-10 06:24:46Z INFO ProcessInvokerWrapper]   Arguments: 'spawnclient 1996 1992'
[2026-09-10 06:24:46Z INFO ProcessInvokerWrapper]   Working directory: 'C:\Users\Bhuwan\Desktop\New folder\actions-runner\bin'
[2026-09-10 06:24:46Z INFO ProcessInvokerWrapper]   Require exit code zero: 'False'
[2026-09-10 06:24:46Z INFO ProcessInvokerWrapper]   Encoding web name:  ; code page: ''
[2026-09-10 06:24:46Z INFO ProcessInvokerWrapper]   Force kill process on cancellation: 'True'
[2026-09-10 06:24:46Z INFO ProcessInvokerWrapper]   Redirected STDIN: 'False'
[2026-09-10 06:24:46Z INFO ProcessInvokerWrapper]   Persist current code page: 'False'
[2026-09-10 06:24:46Z INFO ProcessInvokerWrapper]   Keep redirected STDIN open: 'False'
[2026-09-10 06:24:46Z INFO ProcessInvokerWrapper]   High priority process: 'True'
[2026-09-10 06:24:47Z INFO ProcessInvokerWrapper] Process started with process id 8860, waiting for process exit.
[2026-09-10 06:24:47Z INFO JobDispatcher] Send job request message to worker for job 1e2a0daf-c6d2-5c77-9df9-3e0156463677.
[2026-09-10 06:24:47Z INFO ProcessChannel] Sending message of length 23875, with hash '8299ad789f6f374c154898aa229364c785dcf46ae359f0401a89c34c0129c018'
[2026-09-10 06:24:47Z INFO JobNotification] Entering JobStarted Notification
[2026-09-10 06:24:47Z INFO JobNotification] Entering StartMonitor
[2026-09-10 06:25:13Z INFO ProcessInvokerWrapper] STDOUT/STDERR stream read finished.
[2026-09-10 06:25:13Z INFO ProcessInvokerWrapper] STDOUT/STDERR stream read finished.
[2026-09-10 06:25:13Z INFO ProcessInvokerWrapper] Finished process 8860 with exit code 102, and elapsed time 00:00:27.4648938.
[2026-09-10 06:25:13Z INFO JobDispatcher] Worker finished for job 1e2a0daf-c6d2-5c77-9df9-3e0156463677. Code: 102
[2026-09-10 06:25:13Z INFO JobDispatcher] finish job request for job 1e2a0daf-c6d2-5c77-9df9-3e0156463677 with result: Failed
[2026-09-10 06:25:13Z INFO Terminal] WRITE LINE: 2026-09-10 06:25:13Z: Job compile completed with result: Failed
[2026-09-10 06:25:13Z INFO JobDispatcher] Stop renew job request for job 1e2a0daf-c6d2-5c77-9df9-3e0156463677.
[2026-09-10 06:25:13Z INFO JobDispatcher] job renew has been cancelled, stop renew job 1e2a0daf-c6d2-5c77-9df9-3e0156463677.
[2026-09-10 06:25:13Z INFO JobNotification] Entering JobCompleted Notification
[2026-09-10 06:25:13Z INFO JobNotification] Entering EndMonitor
[2026-09-10 06:25:13Z INFO BrokerMessageListener] Received job status event. JobState: Online
[2026-09-10 06:25:13Z WARN GitHubActionsService] GET request to https://broker.actions.githubusercontent.com/message?sessionId=5e12f776-c4e3-48d8-a8e8-8d91d5939408&status=Busy&runnerVersion=2.337.0&os=Windows&architecture=X64&disableUpdate=false has been cancelled.
[2026-09-10 06:25:13Z ERR  BrokerServer] Catch exception during request
[2026-09-10 06:25:14Z ERR  BrokerServer] System.Threading.Tasks.TaskCanceledException: The operation was canceled.
 ---> System.Threading.Tasks.TaskCanceledException: The operation was canceled.
 ---> System.IO.IOException: Unable to read data from the transport connection: The I/O operation has been aborted because of either a thread exit or an application request..
 ---> System.Net.Sockets.SocketException (995): The I/O operation has been aborted because of either a thread exit or an application request.
   --- End of inner exception stack trace ---
   at System.Net.Sockets.Socket.AwaitableSocketAsyncEventArgs.ThrowException(SocketError error, CancellationToken cancellationToken)
   at System.Net.Sockets.Socket.AwaitableSocketAsyncEventArgs.System.Threading.Tasks.Sources.IValueTaskSource<System.Int32>.GetResult(Int16 token)
   at System.Net.Security.SslStream.EnsureFullTlsFrameAsync[TIOAdapter](CancellationToken cancellationToken, Int32 estimatedSize)
   at System.Runtime.CompilerServices.PoolingAsyncValueTaskMethodBuilder`1.StateMachineBox`1.System.Threading.Tasks.Sources.IValueTaskSource<TResult>.GetResult(Int16 token)
   at System.Net.Security.SslStream.ReadAsyncInternal[TIOAdapter](Memory`1 buffer, CancellationToken cancellationToken)
   at System.Runtime.CompilerServices.PoolingAsyncValueTaskMethodBuilder`1.StateMachineBox`1.System.Threading.Tasks.Sources.IValueTaskSource<TResult>.GetResult(Int16 token)
   at System.Net.Http.HttpConnection.SendAsync(HttpRequestMessage request, Boolean async, CancellationToken cancellationToken)
   --- End of inner exception stack trace ---
   at System.Net.Http.HttpConnection.SendAsync(HttpRequestMessage request, Boolean async, CancellationToken cancellationToken)
   at System.Net.Http.AuthenticationHelper.SendWithNtAuthAsync(HttpRequestMessage request, Uri authUri, Boolean async, ICredentials credentials, Boolean isProxyAuth, HttpConnection connection, HttpConnectionPool connectionPool, CancellationToken cancellationToken)
   at System.Net.Http.HttpConnectionPool.SendWithVersionDetectionAndRetryAsync(HttpRequestMessage request, Boolean async, Boolean doRequestAuth, CancellationToken cancellationToken)
   at System.Net.Http.AuthenticationHelper.SendWithAuthAsync(HttpRequestMessage request, Uri authUri, Boolean async, ICredentials credentials, Boolean preAuthenticate, Boolean isProxyAuth, Boolean doRequestAuth, HttpConnectionPool pool, CancellationToken cancellationToken)
   at System.Net.Http.RedirectHandler.SendAsync(HttpRequestMessage request, Boolean async, CancellationToken cancellationToken)
   at GitHub.Services.Common.RawHttpMessageHandler.SendAsync(HttpRequestMessage request, CancellationToken cancellationToken)
   at GitHub.Services.Common.VssHttpRetryMessageHandler.SendAsync(HttpRequestMessage request, CancellationToken cancellationToken)
   at System.Net.Http.HttpClient.<SendAsync>g__Core|83_0(HttpRequestMessage request, HttpCompletionOption completionOption, CancellationTokenSource cts, Boolean disposeCts, CancellationTokenSource pendingRequestsCts, CancellationToken originalCancellationToken)
   --- End of inner exception stack trace ---
   at System.Net.Http.HttpClient.HandleFailure(Exception e, Boolean telemetryStarted, HttpResponseMessage response, CancellationTokenSource cts, CancellationToken cancellationToken, CancellationTokenSource pendingRequestsCts)
   at System.Net.Http.HttpClient.<SendAsync>g__Core|83_0(HttpRequestMessage request, HttpCompletionOption completionOption, CancellationTokenSource cts, Boolean disposeCts, CancellationTokenSource pendingRequestsCts, CancellationToken originalCancellationToken)
   at Sdk.WebApi.WebApi.RawHttpClientBase.SendAsync(HttpRequestMessage message, HttpCompletionOption completionOption, Object userState, CancellationToken cancellationToken)
   at Sdk.WebApi.WebApi.RawHttpClientBase.SendAsync[T](HttpRequestMessage message, Boolean readErrorBody, Object userState, CancellationToken cancellationToken)
   at Sdk.WebApi.WebApi.RawHttpClientBase.SendAsync[T](HttpMethod method, IEnumerable`1 additionalHeaders, Uri requestUri, HttpContent content, IEnumerable`1 queryParameters, Boolean readErrorBody, Object userState, CancellationToken cancellationToken)
   at GitHub.Actions.RunService.WebApi.BrokerHttpClient.GetRunnerMessageAsync(Nullable`1 sessionId, String runnerVersion, Nullable`1 status, String os, String architecture, Nullable`1 disableUpdate, CancellationToken cancellationToken)
   at GitHub.Runner.Common.BrokerServer.<>c__DisplayClass7_0.<<GetRunnerMessageAsync>b__0>d.MoveNext()
--- End of stack trace from previous location ---
   at GitHub.Runner.Common.RunnerService.RetryRequest[T](Func`1 func, CancellationToken cancellationToken, Int32 maxAttempts, Func`2 shouldRetry)
[2026-09-10 06:25:14Z ERR  BrokerServer] #####################################################
[2026-09-10 06:25:14Z ERR  BrokerServer] System.Threading.Tasks.TaskCanceledException: The operation was canceled.
 ---> System.IO.IOException: Unable to read data from the transport connection: The I/O operation has been aborted because of either a thread exit or an application request..
 ---> System.Net.Sockets.SocketException (995): The I/O operation has been aborted because of either a thread exit or an application request.
   --- End of inner exception stack trace ---
   at System.Net.Sockets.Socket.AwaitableSocketAsyncEventArgs.ThrowException(SocketError error, CancellationToken cancellationToken)
   at System.Net.Sockets.Socket.AwaitableSocketAsyncEventArgs.System.Threading.Tasks.Sources.IValueTaskSource<System.Int32>.GetResult(Int16 token)
   at System.Net.Security.SslStream.EnsureFullTlsFrameAsync[TIOAdapter](CancellationToken cancellationToken, Int32 estimatedSize)
   at System.Runtime.CompilerServices.PoolingAsyncValueTaskMethodBuilder`1.StateMachineBox`1.System.Threading.Tasks.Sources.IValueTaskSource<TResult>.GetResult(Int16 token)
   at System.Net.Security.SslStream.ReadAsyncInternal[TIOAdapter](Memory`1 buffer, CancellationToken cancellationToken)
   at System.Runtime.CompilerServices.PoolingAsyncValueTaskMethodBuilder`1.StateMachineBox`1.System.Threading.Tasks.Sources.IValueTaskSource<TResult>.GetResult(Int16 token)
   at System.Net.Http.HttpConnection.SendAsync(HttpRequestMessage request, Boolean async, CancellationToken cancellationToken)
   --- End of inner exception stack trace ---
   at System.Net.Http.HttpConnection.SendAsync(HttpRequestMessage request, Boolean async, CancellationToken cancellationToken)
   at System.Net.Http.AuthenticationHelper.SendWithNtAuthAsync(HttpRequestMessage request, Uri authUri, Boolean async, ICredentials credentials, Boolean isProxyAuth, HttpConnection connection, HttpConnectionPool connectionPool, CancellationToken cancellationToken)
   at System.Net.Http.HttpConnectionPool.SendWithVersionDetectionAndRetryAsync(HttpRequestMessage request, Boolean async, Boolean doRequestAuth, CancellationToken cancellationToken)
   at System.Net.Http.AuthenticationHelper.SendWithAuthAsync(HttpRequestMessage request, Uri authUri, Boolean async, ICredentials credentials, Boolean preAuthenticate, Boolean isProxyAuth, Boolean doRequestAuth, HttpConnectionPool pool, CancellationToken cancellationToken)
   at System.Net.Http.RedirectHandler.SendAsync(HttpRequestMessage request, Boolean async, CancellationToken cancellationToken)
   at GitHub.Services.Common.RawHttpMessageHandler.SendAsync(HttpRequestMessage request, CancellationToken cancellationToken)
   at GitHub.Services.Common.VssHttpRetryMessageHandler.SendAsync(HttpRequestMessage request, CancellationToken cancellationToken)
   at System.Net.Http.HttpClient.<SendAsync>g__Core|83_0(HttpRequestMessage request, HttpCompletionOption completionOption, CancellationTokenSource cts, Boolean disposeCts, CancellationTokenSource pendingRequestsCts, CancellationToken originalCancellationToken)
[2026-09-10 06:25:14Z ERR  BrokerServer] #####################################################
[2026-09-10 06:25:14Z ERR  BrokerServer] System.IO.IOException: Unable to read data from the transport connection: The I/O operation has been aborted because of either a thread exit or an application request..
 ---> System.Net.Sockets.SocketException (995): The I/O operation has been aborted because of either a thread exit or an application request.
   --- End of inner exception stack trace ---
   at System.Net.Sockets.Socket.AwaitableSocketAsyncEventArgs.ThrowException(SocketError error, CancellationToken cancellationToken)
   at System.Net.Sockets.Socket.AwaitableSocketAsyncEventArgs.System.Threading.Tasks.Sources.IValueTaskSource<System.Int32>.GetResult(Int16 token)
   at System.Net.Security.SslStream.EnsureFullTlsFrameAsync[TIOAdapter](CancellationToken cancellationToken, Int32 estimatedSize)
   at System.Runtime.CompilerServices.PoolingAsyncValueTaskMethodBuilder`1.StateMachineBox`1.System.Threading.Tasks.Sources.IValueTaskSource<TResult>.GetResult(Int16 token)
   at System.Net.Security.SslStream.ReadAsyncInternal[TIOAdapter](Memory`1 buffer, CancellationToken cancellationToken)
   at System.Runtime.CompilerServices.PoolingAsyncValueTaskMethodBuilder`1.StateMachineBox`1.System.Threading.Tasks.Sources.IValueTaskSource<TResult>.GetResult(Int16 token)
   at System.Net.Http.HttpConnection.SendAsync(HttpRequestMessage request, Boolean async, CancellationToken cancellationToken)
[2026-09-10 06:25:14Z ERR  BrokerServer] #####################################################
[2026-09-10 06:25:14Z ERR  BrokerServer] System.Net.Sockets.SocketException (995): The I/O operation has been aborted because of either a thread exit or an application request.
[2026-09-10 06:25:14Z WARN BrokerServer] Back off 12.109 seconds before next retry. 4 attempt left.
[2026-09-10 06:25:14Z INFO BrokerMessageListener] Get messages has been cancelled using local token source. Continue to get messages with new status.
[2026-09-10 06:26:48Z INFO Terminal] WRITE LINE: Exiting...
[2026-09-10 06:26:48Z INFO ConfigurationStore] IsServiceConfigured()
[2026-09-10 06:26:48Z INFO ConfigurationStore] IsServiceConfigured: False
[2026-09-10 06:26:48Z INFO HostContext] Runner will be shutdown for UserCancelled
[2026-09-10 06:26:48Z WARN GitHubActionsService] GET request to https://broker.actions.githubusercontent.com/message?sessionId=5e12f776-c4e3-48d8-a8e8-8d91d5939408&status=Online&runnerVersion=2.337.0&os=Windows&architecture=X64&disableUpdate=false has been cancelled.
[2026-09-10 06:26:48Z ERR  BrokerServer] Catch exception during request
[2026-09-10 06:26:48Z ERR  BrokerServer] System.Threading.Tasks.TaskCanceledException: The operation was canceled.
 ---> System.Threading.Tasks.TaskCanceledException: The operation was canceled.
 ---> System.IO.IOException: Unable to read data from the transport connection: The I/O operation has been aborted because of either a thread exit or an application request..
 ---> System.Net.Sockets.SocketException (995): The I/O operation has been aborted because of either a thread exit or an application request.
   --- End of inner exception stack trace ---
   at System.Net.Sockets.Socket.AwaitableSocketAsyncEventArgs.ThrowException(SocketError error, CancellationToken cancellationToken)
   at System.Net.Sockets.Socket.AwaitableSocketAsyncEventArgs.System.Threading.Tasks.Sources.IValueTaskSource<System.Int32>.GetResult(Int16 token)
   at System.Net.Security.SslStream.EnsureFullTlsFrameAsync[TIOAdapter](CancellationToken cancellationToken, Int32 estimatedSize)
   at System.Runtime.CompilerServices.PoolingAsyncValueTaskMethodBuilder`1.StateMachineBox`1.System.Threading.Tasks.Sources.IValueTaskSource<TResult>.GetResult(Int16 token)
   at System.Net.Security.SslStream.ReadAsyncInternal[TIOAdapter](Memory`1 buffer, CancellationToken cancellationToken)
   at System.Runtime.CompilerServices.PoolingAsyncValueTaskMethodBuilder`1.StateMachineBox`1.System.Threading.Tasks.Sources.IValueTaskSource<TResult>.GetResult(Int16 token)
   at System.Net.Http.HttpConnection.SendAsync(HttpRequestMessage request, Boolean async, CancellationToken cancellationToken)
   --- End of inner exception stack trace ---
   at System.Net.Http.HttpConnection.SendAsync(HttpRequestMessage request, Boolean async, CancellationToken cancellationToken)
   at System.Net.Http.AuthenticationHelper.SendWithNtAuthAsync(HttpRequestMessage request, Uri authUri, Boolean async, ICredentials credentials, Boolean isProxyAuth, HttpConnection connection, HttpConnectionPool connectionPool, CancellationToken cancellationToken)
   at System.Net.Http.HttpConnectionPool.SendWithVersionDetectionAndRetryAsync(HttpRequestMessage request, Boolean async, Boolean doRequestAuth, CancellationToken cancellationToken)
   at System.Net.Http.AuthenticationHelper.SendWithAuthAsync(HttpRequestMessage request, Uri authUri, Boolean async, ICredentials credentials, Boolean preAuthenticate, Boolean isProxyAuth, Boolean doRequestAuth, HttpConnectionPool pool, CancellationToken cancellationToken)
   at System.Net.Http.RedirectHandler.SendAsync(HttpRequestMessage request, Boolean async, CancellationToken cancellationToken)
   at GitHub.Services.Common.RawHttpMessageHandler.SendAsync(HttpRequestMessage request, CancellationToken cancellationToken)
   at GitHub.Services.Common.VssHttpRetryMessageHandler.SendAsync(HttpRequestMessage request, CancellationToken cancellationToken)
   at System.Net.Http.HttpClient.<SendAsync>g__Core|83_0(HttpRequestMessage request, HttpCompletionOption completionOption, CancellationTokenSource cts, Boolean disposeCts, CancellationTokenSource pendingRequestsCts, CancellationToken originalCancellationToken)
   --- End of inner exception stack trace ---
   at System.Net.Http.HttpClient.HandleFailure(Exception e, Boolean telemetryStarted, HttpResponseMessage response, CancellationTokenSource cts, CancellationToken cancellationToken, CancellationTokenSource pendingRequestsCts)
   at System.Net.Http.HttpClient.<SendAsync>g__Core|83_0(HttpRequestMessage request, HttpCompletionOption completionOption, CancellationTokenSource cts, Boolean disposeCts, CancellationTokenSource pendingRequestsCts, CancellationToken originalCancellationToken)
   at Sdk.WebApi.WebApi.RawHttpClientBase.SendAsync(HttpRequestMessage message, HttpCompletionOption completionOption, Object userState, CancellationToken cancellationToken)
   at Sdk.WebApi.WebApi.RawHttpClientBase.SendAsync[T](HttpRequestMessage message, Boolean readErrorBody, Object userState, CancellationToken cancellationToken)
   at Sdk.WebApi.WebApi.RawHttpClientBase.SendAsync[T](HttpMethod method, IEnumerable`1 additionalHeaders, Uri requestUri, HttpContent content, IEnumerable`1 queryParameters, Boolean readErrorBody, Object userState, CancellationToken cancellationToken)
   at GitHub.Actions.RunService.WebApi.BrokerHttpClient.GetRunnerMessageAsync(Nullable`1 sessionId, String runnerVersion, Nullable`1 status, String os, String architecture, Nullable`1 disableUpdate, CancellationToken cancellationToken)
   at GitHub.Runner.Common.BrokerServer.<>c__DisplayClass7_0.<<GetRunnerMessageAsync>b__0>d.MoveNext()
--- End of stack trace from previous location ---
   at GitHub.Runner.Common.RunnerService.RetryRequest[T](Func`1 func, CancellationToken cancellationToken, Int32 maxAttempts, Func`2 shouldRetry)
[2026-09-10 06:26:48Z ERR  BrokerServer] #####################################################
[2026-09-10 06:26:48Z ERR  BrokerServer] System.Threading.Tasks.TaskCanceledException: The operation was canceled.
 ---> System.IO.IOException: Unable to read data from the transport connection: The I/O operation has been aborted because of either a thread exit or an application request..
 ---> System.Net.Sockets.SocketException (995): The I/O operation has been aborted because of either a thread exit or an application request.
   --- End of inner exception stack trace ---
   at System.Net.Sockets.Socket.AwaitableSocketAsyncEventArgs.ThrowException(SocketError error, CancellationToken cancellationToken)
   at System.Net.Sockets.Socket.AwaitableSocketAsyncEventArgs.System.Threading.Tasks.Sources.IValueTaskSource<System.Int32>.GetResult(Int16 token)
   at System.Net.Security.SslStream.EnsureFullTlsFrameAsync[TIOAdapter](CancellationToken cancellationToken, Int32 estimatedSize)
   at System.Runtime.CompilerServices.PoolingAsyncValueTaskMethodBuilder`1.StateMachineBox`1.System.Threading.Tasks.Sources.IValueTaskSource<TResult>.GetResult(Int16 token)
   at System.Net.Security.SslStream.ReadAsyncInternal[TIOAdapter](Memory`1 buffer, CancellationToken cancellationToken)
   at System.Runtime.CompilerServices.PoolingAsyncValueTaskMethodBuilder`1.StateMachineBox`1.System.Threading.Tasks.Sources.IValueTaskSource<TResult>.GetResult(Int16 token)
   at System.Net.Http.HttpConnection.SendAsync(HttpRequestMessage request, Boolean async, CancellationToken cancellationToken)
   --- End of inner exception stack trace ---
   at System.Net.Http.HttpConnection.SendAsync(HttpRequestMessage request, Boolean async, CancellationToken cancellationToken)
   at System.Net.Http.AuthenticationHelper.SendWithNtAuthAsync(HttpRequestMessage request, Uri authUri, Boolean async, ICredentials credentials, Boolean isProxyAuth, HttpConnection connection, HttpConnectionPool connectionPool, CancellationToken cancellationToken)
   at System.Net.Http.HttpConnectionPool.SendWithVersionDetectionAndRetryAsync(HttpRequestMessage request, Boolean async, Boolean doRequestAuth, CancellationToken cancellationToken)
   at System.Net.Http.AuthenticationHelper.SendWithAuthAsync(HttpRequestMessage request, Uri authUri, Boolean async, ICredentials credentials, Boolean preAuthenticate, Boolean isProxyAuth, Boolean doRequestAuth, HttpConnectionPool pool, CancellationToken cancellationToken)
   at System.Net.Http.RedirectHandler.SendAsync(HttpRequestMessage request, Boolean async, CancellationToken cancellationToken)
   at GitHub.Services.Common.RawHttpMessageHandler.SendAsync(HttpRequestMessage request, CancellationToken cancellationToken)
   at GitHub.Services.Common.VssHttpRetryMessageHandler.SendAsync(HttpRequestMessage request, CancellationToken cancellationToken)
   at System.Net.Http.HttpClient.<SendAsync>g__Core|83_0(HttpRequestMessage request, HttpCompletionOption completionOption, CancellationTokenSource cts, Boolean disposeCts, CancellationTokenSource pendingRequestsCts, CancellationToken originalCancellationToken)
[2026-09-10 06:26:48Z ERR  BrokerServer] #####################################################
[2026-09-10 06:26:48Z ERR  BrokerServer] System.IO.IOException: Unable to read data from the transport connection: The I/O operation has been aborted because of either a thread exit or an application request..
 ---> System.Net.Sockets.SocketException (995): The I/O operation has been aborted because of either a thread exit or an application request.
   --- End of inner exception stack trace ---
   at System.Net.Sockets.Socket.AwaitableSocketAsyncEventArgs.ThrowException(SocketError error, CancellationToken cancellationToken)
   at System.Net.Sockets.Socket.AwaitableSocketAsyncEventArgs.System.Threading.Tasks.Sources.IValueTaskSource<System.Int32>.GetResult(Int16 token)
   at System.Net.Security.SslStream.EnsureFullTlsFrameAsync[TIOAdapter](CancellationToken cancellationToken, Int32 estimatedSize)
   at System.Runtime.CompilerServices.PoolingAsyncValueTaskMethodBuilder`1.StateMachineBox`1.System.Threading.Tasks.Sources.IValueTaskSource<TResult>.GetResult(Int16 token)
   at System.Net.Security.SslStream.ReadAsyncInternal[TIOAdapter](Memory`1 buffer, CancellationToken cancellationToken)
   at System.Runtime.CompilerServices.PoolingAsyncValueTaskMethodBuilder`1.StateMachineBox`1.System.Threading.Tasks.Sources.IValueTaskSource<TResult>.GetResult(Int16 token)
   at System.Net.Http.HttpConnection.SendAsync(HttpRequestMessage request, Boolean async, CancellationToken cancellationToken)
[2026-09-10 06:26:48Z ERR  BrokerServer] #####################################################
[2026-09-10 06:26:48Z ERR  BrokerServer] System.Net.Sockets.SocketException (995): The I/O operation has been aborted because of either a thread exit or an application request.
[2026-09-10 06:26:48Z WARN BrokerServer] Back off 10.73 seconds before next retry. 4 attempt left.
[2026-09-10 06:26:48Z INFO BrokerMessageListener] Get next message has been cancelled.
[2026-09-10 06:26:48Z INFO JobDispatcher] Shutting down JobDispatcher. Make sure all WorkerDispatcher has finished.
[2026-09-10 06:26:48Z INFO JobDispatcher] Ensure WorkerDispatcher for job 1e2a0daf-c6d2-5c77-9df9-3e0156463677 run to finish, cancel any running job.
[2026-09-10 06:26:48Z INFO JobDispatcher] Job request 1e2a0daf-c6d2-5c77-9df9-3e0156463677 processed succeed.
[2026-09-10 06:26:48Z INFO Runner] Deleting Runner Session...
[2026-09-10 06:26:49Z INFO Listener] Runner execution been cancelled.
